     1                                 %line 1+1 exc1.s
     2                                 [section .data]
     3 00000000 0000000000000000       a_x dq 0
     4 00000008 0500000000000000       a_y dq 5
     5                                 
     6 00000010 0700000000000000       b_x dq 7
     7 00000018 0300000000000000       b_y dq 3
     8                                 
     9 00000020 0000000000000000       dist2 dq 0
    10                                 
    11                                 %line 18+1 exc1.s
    12                                 
    13                                 [section .text]
    14                                 [global _start]
    15                                 _start:
    16 00000000 488B0425[00000000]      mov rax, [a_x]
    17 00000008 482B0425[00000000]      sub rax, [b_x]
    18                                 
    19                                 %line 24+0 exc1.s
    20 00000010 4885C0                  test rax, rax
    21 00000013 7901                    jns ..@3.skip
    22 00000015 48F7D8                  neg rax
    23                                  ..@3.skip:
    24                                 
    25                                 %line 25+1 exc1.s
    26                                 
    27 00000018 488B1C25[00000000]      mov rbx, [a_y]
    28 00000020 482B1C25[00000000]      sub rbx, [b_y]
    29                                 
    30                                 %line 28+0 exc1.s
    31 00000028 4885DB                  test rbx, rbx
    32 0000002B 7901                    jns ..@4.skip
    33 0000002D 48F7DB                  neg rbx
    34                                  ..@4.skip:
    35                                 
    36                                 %line 29+1 exc1.s
    37                                 
    38 00000030 4801C0                  add rax, rax
    39 00000033 4801DB                  add rbx, rbx
    40                                 
    41 00000036 4801D8                  add rax, rbx
    42 00000039 48890425[00000000]      mov [dist2], rax
    43                                 
    44 00000041 48C7C03C000000          mov rax, 60
    45 00000048 4831FF                  xor rdi, rdi
    46 0000004B 0F05                    syscall
