     1                                 %line 1+1 exc2.s
     2                                 [section .data]
     3 00000000 0000000000000000       a_x dq 0
     4 00000008 0500000000000000       a_y dq 5
     5                                 
     6 00000010 0000000000000000       b_x dq 0
     7 00000018 0300000000000000       b_y dq 3
     8                                 
     9 00000020 0000000000000000       dist_x dq 0
    10 00000028 0000000000000000       dist_y dq 0
    11                                 
    12                                 %line 19+1 exc2.s
    13                                 
    14                                 [section .text]
    15                                 [global _start]
    16                                 _start:
    17 00000000 488B0425[00000000]      mov rax, [a_x]
    18 00000008 482B0425[00000000]      sub rax, [b_x]
    19                                 
    20                                 %line 25+0 exc2.s
    21 00000010 4885C0                  test rax, rax
    22 00000013 7901                    jns ..@3.skip
    23 00000015 48F7D8                  neg rax
    24                                  ..@3.skip:
    25                                 
    26                                 %line 26+1 exc2.s
    27 00000018 48890425[00000000]      mov [dist_x], rax
    28 00000020 48C7C301000000          mov rbx, 1
    29 00000027 48C7C100000000          mov rcx, 0
    30 0000002E 4885C0                  test rax, rax
    31 00000031 480F44CB                cmovz rcx, rbx
    32                                 
    33 00000035 488B1C25[00000000]      mov rbx, [a_y]
    34 0000003D 482B1C25[00000000]      sub rbx, [b_y]
    35                                 
    36                                 %line 34+0 exc2.s
    37 00000045 4885DB                  test rbx, rbx
    38 00000048 7901                    jns ..@4.skip
    39 0000004A 48F7DB                  neg rbx
    40                                  ..@4.skip:
    41                                 
    42                                 %line 35+1 exc2.s
    43 0000004D 48891C25[00000000]      mov [dist_y], rbx
    44                                 
    45 00000055 4889CF                  mov rdi, rcx
    46 00000058 48C7C03C000000          mov rax, 60
    47 0000005F 0F05                    syscall
