     1                                 %line 1+1 pyth.s
     2                                 [segment .data]
     3 00000000 F600000000000000       a dq 246
     4 00000008 4801000000000000       b dq 328
     5 00000010 9A01000000000000       c dq 410
     6                                 
     7                                 [segment .text]
     8                                 [global _start]
     9                                 _start:
    10 00000000 488B0425[00000000]      mov rax, [a]
    11 00000008 48F7E8                  imul rax
    12 0000000B 488B1C25[00000000]      mov rbx, [b]
    13 00000013 480FAFDB                imul rbx, rbx
    14 00000017 488B0C25[00000000]      mov rcx, [c]
    15 0000001F 480FAFC9                imul rcx, rcx
    16 00000023 4801D8                  add rax, rbx
    17 00000026 4829C8                  sub rax, rcx
    18 00000029 7503                    jnz notrighttri
    19 0000002B 4831FF                  xor rdi, rdi
    20 0000002E EB07                    jmp exit
    21                                 
    22                                 notrighttri:
    23 00000030 48C7C701000000          mov rdi, 1
    24 00000037 EBFE                    jmp exit
    25                                 
    26                                 exit:
    27 00000039 48C7C03C000000          mov rax, 60
    28 00000040 0F05                    syscall
